mode: set
github.com/openbao/openbao-plugin-secrets-oauthapp/v3/pkg/provider/basic.go:23.13,34.2 6 1
github.com/openbao/openbao-plugin-secrets-oauthapp/v3/pkg/provider/basic.go:43.96,48.28 4 1
github.com/openbao/openbao-plugin-secrets-oauthapp/v3/pkg/provider/basic.go:48.28,50.3 1 0
github.com/openbao/openbao-plugin-secrets-oauthapp/v3/pkg/provider/basic.go:52.2,59.59 2 1
github.com/openbao/openbao-plugin-secrets-oauthapp/v3/pkg/provider/basic.go:62.126,67.30 4 1
github.com/openbao/openbao-plugin-secrets-oauthapp/v3/pkg/provider/basic.go:67.30,69.3 1 0
github.com/openbao/openbao-plugin-secrets-oauthapp/v3/pkg/provider/basic.go:71.2,81.42 3 1
github.com/openbao/openbao-plugin-secrets-oauthapp/v3/pkg/provider/basic.go:84.137,99.16 6 1
github.com/openbao/openbao-plugin-secrets-oauthapp/v3/pkg/provider/basic.go:99.16,110.3 3 1
github.com/openbao/openbao-plugin-secrets-oauthapp/v3/pkg/provider/basic.go:112.2,117.8 1 1
github.com/openbao/openbao-plugin-secrets-oauthapp/v3/pkg/provider/basic.go:120.127,121.27 1 1
github.com/openbao/openbao-plugin-secrets-oauthapp/v3/pkg/provider/basic.go:121.27,123.3 1 0
github.com/openbao/openbao-plugin-secrets-oauthapp/v3/pkg/provider/basic.go:125.2,138.16 6 1
github.com/openbao/openbao-plugin-secrets-oauthapp/v3/pkg/provider/basic.go:138.16,140.3 1 1
github.com/openbao/openbao-plugin-secrets-oauthapp/v3/pkg/provider/basic.go:142.2,147.8 1 1
github.com/openbao/openbao-plugin-secrets-oauthapp/v3/pkg/provider/basic.go:150.116,166.16 7 1
github.com/openbao/openbao-plugin-secrets-oauthapp/v3/pkg/provider/basic.go:166.16,168.3 1 1
github.com/openbao/openbao-plugin-secrets-oauthapp/v3/pkg/provider/basic.go:170.2,175.8 1 1
github.com/openbao/openbao-plugin-secrets-oauthapp/v3/pkg/provider/basic.go:178.116,179.27 1 1
github.com/openbao/openbao-plugin-secrets-oauthapp/v3/pkg/provider/basic.go:179.27,181.3 1 0
github.com/openbao/openbao-plugin-secrets-oauthapp/v3/pkg/provider/basic.go:183.2,198.16 6 1
github.com/openbao/openbao-plugin-secrets-oauthapp/v3/pkg/provider/basic.go:198.16,200.3 1 0
github.com/openbao/openbao-plugin-secrets-oauthapp/v3/pkg/provider/basic.go:202.2,207.8 1 1
github.com/openbao/openbao-plugin-secrets-oauthapp/v3/pkg/provider/basic.go:210.118,211.27 1 1
github.com/openbao/openbao-plugin-secrets-oauthapp/v3/pkg/provider/basic.go:211.27,213.3 1 0
github.com/openbao/openbao-plugin-secrets-oauthapp/v3/pkg/provider/basic.go:215.2,228.80 5 1
github.com/openbao/openbao-plugin-secrets-oauthapp/v3/pkg/provider/basic.go:228.80,230.17 2 1
github.com/openbao/openbao-plugin-secrets-oauthapp/v3/pkg/provider/basic.go:230.17,232.4 1 0
github.com/openbao/openbao-plugin-secrets-oauthapp/v3/pkg/provider/basic.go:234.3,234.27 1 1
github.com/openbao/openbao-plugin-secrets-oauthapp/v3/pkg/provider/basic.go:234.27,236.4 1 1
github.com/openbao/openbao-plugin-secrets-oauthapp/v3/pkg/provider/basic.go:237.3,237.27 1 1
github.com/openbao/openbao-plugin-secrets-oauthapp/v3/pkg/provider/basic.go:237.27,239.4 1 1
github.com/openbao/openbao-plugin-secrets-oauthapp/v3/pkg/provider/basic.go:241.3,241.34 1 1
github.com/openbao/openbao-plugin-secrets-oauthapp/v3/pkg/provider/basic.go:244.2,252.23 2 1
github.com/openbao/openbao-plugin-secrets-oauthapp/v3/pkg/provider/basic.go:252.23,254.3 1 1
github.com/openbao/openbao-plugin-secrets-oauthapp/v3/pkg/provider/basic.go:258.2,259.16 2 1
github.com/openbao/openbao-plugin-secrets-oauthapp/v3/pkg/provider/basic.go:259.16,261.3 1 0
github.com/openbao/openbao-plugin-secrets-oauthapp/v3/pkg/provider/basic.go:263.2,268.8 1 1
github.com/openbao/openbao-plugin-secrets-oauthapp/v3/pkg/provider/basic.go:276.31,278.2 1 0
github.com/openbao/openbao-plugin-secrets-oauthapp/v3/pkg/provider/basic.go:280.58,282.2 1 1
github.com/openbao/openbao-plugin-secrets-oauthapp/v3/pkg/provider/basic.go:284.74,291.2 1 1
github.com/openbao/openbao-plugin-secrets-oauthapp/v3/pkg/provider/basic.go:293.50,294.86 1 1
github.com/openbao/openbao-plugin-secrets-oauthapp/v3/pkg/provider/basic.go:294.86,297.14 2 1
github.com/openbao/openbao-plugin-secrets-oauthapp/v3/pkg/provider/basic.go:298.10,298.10 0 1
github.com/openbao/openbao-plugin-secrets-oauthapp/v3/pkg/provider/basic.go:299.11,300.40 1 0
github.com/openbao/openbao-plugin-secrets-oauthapp/v3/pkg/provider/basic.go:303.3,303.21 1 1
github.com/openbao/openbao-plugin-secrets-oauthapp/v3/pkg/provider/basic.go:303.21,305.4 1 0
github.com/openbao/openbao-plugin-secrets-oauthapp/v3/pkg/provider/basic.go:307.3,311.16 2 1
github.com/openbao/openbao-plugin-secrets-oauthapp/v3/pkg/provider/basic.go:315.93,320.13 3 1
github.com/openbao/openbao-plugin-secrets-oauthapp/v3/pkg/provider/basic.go:321.9,321.9 0 1
github.com/openbao/openbao-plugin-secrets-oauthapp/v3/pkg/provider/basic.go:322.9,323.19 1 0
github.com/openbao/openbao-plugin-secrets-oauthapp/v3/pkg/provider/basic.go:323.19,325.4 1 0
github.com/openbao/openbao-plugin-secrets-oauthapp/v3/pkg/provider/basic.go:326.10,327.39 1 0
github.com/openbao/openbao-plugin-secrets-oauthapp/v3/pkg/provider/basic.go:330.2,332.62 1 1
github.com/openbao/openbao-plugin-secrets-oauthapp/v3/pkg/provider/basic.go:332.62,335.20 2 1
github.com/openbao/openbao-plugin-secrets-oauthapp/v3/pkg/provider/basic.go:335.20,337.5 1 1
github.com/openbao/openbao-plugin-secrets-oauthapp/v3/pkg/provider/basic.go:337.10,337.65 1 1
github.com/openbao/openbao-plugin-secrets-oauthapp/v3/pkg/provider/basic.go:337.65,339.5 1 1
github.com/openbao/openbao-plugin-secrets-oauthapp/v3/pkg/provider/basic.go:342.4,347.5 2 1
github.com/openbao/openbao-plugin-secrets-oauthapp/v3/pkg/provider/basic.go:350.2,350.15 1 1
github.com/openbao/openbao-plugin-secrets-oauthapp/v3/pkg/provider/basic.go:353.92,356.13 2 0
github.com/openbao/openbao-plugin-secrets-oauthapp/v3/pkg/provider/basic.go:357.9,357.9 0 0
github.com/openbao/openbao-plugin-secrets-oauthapp/v3/pkg/provider/basic.go:358.9,362.25 2 0
github.com/openbao/openbao-plugin-secrets-oauthapp/v3/pkg/provider/basic.go:362.25,364.18 2 0
github.com/openbao/openbao-plugin-secrets-oauthapp/v3/pkg/provider/basic.go:364.18,366.5 1 0
github.com/openbao/openbao-plugin-secrets-oauthapp/v3/pkg/provider/basic.go:368.4,369.52 2 0
github.com/openbao/openbao-plugin-secrets-oauthapp/v3/pkg/provider/basic.go:371.10,372.39 1 0
github.com/openbao/openbao-plugin-secrets-oauthapp/v3/pkg/provider/basic.go:375.2,375.29 1 0
github.com/openbao/openbao-plugin-secrets-oauthapp/v3/pkg/provider/basic.go:375.29,377.3 1 0
github.com/openbao/openbao-plugin-secrets-oauthapp/v3/pkg/provider/basic.go:379.2,380.28 2 0
github.com/openbao/openbao-plugin-secrets-oauthapp/v3/pkg/provider/basic.go:381.19,382.39 1 0
github.com/openbao/openbao-plugin-secrets-oauthapp/v3/pkg/provider/basic.go:383.19,384.39 1 0
github.com/openbao/openbao-plugin-secrets-oauthapp/v3/pkg/provider/basic.go:385.10,385.10 0 0
github.com/openbao/openbao-plugin-secrets-oauthapp/v3/pkg/provider/basic.go:386.10,387.144 1 0
github.com/openbao/openbao-plugin-secrets-oauthapp/v3/pkg/provider/basic.go:390.2,403.15 3 0
github.com/openbao/openbao-plugin-secrets-oauthapp/v3/pkg/provider/errors.go:20.39,22.2 1 1
github.com/openbao/openbao-plugin-secrets-oauthapp/v3/pkg/provider/errors.go:24.39,26.2 1 0
github.com/openbao/openbao-plugin-secrets-oauthapp/v3/pkg/provider/google.go:9.13,11.2 1 1
github.com/openbao/openbao-plugin-secrets-oauthapp/v3/pkg/provider/google.go:13.92,16.13 2 0
github.com/openbao/openbao-plugin-secrets-oauthapp/v3/pkg/provider/google.go:17.9,19.17 2 0
github.com/openbao/openbao-plugin-secrets-oauthapp/v3/pkg/provider/google.go:19.17,21.4 1 0
github.com/openbao/openbao-plugin-secrets-oauthapp/v3/pkg/provider/google.go:23.3,23.66 1 0
github.com/openbao/openbao-plugin-secrets-oauthapp/v3/pkg/provider/google.go:24.9,25.21 1 0
github.com/openbao/openbao-plugin-secrets-oauthapp/v3/pkg/provider/google.go:25.21,27.4 1 0
github.com/openbao/openbao-plugin-secrets-oauthapp/v3/pkg/provider/google.go:29.3,35.9 1 0
github.com/openbao/openbao-plugin-secrets-oauthapp/v3/pkg/provider/google.go:36.10,37.39 1 0
github.com/openbao/openbao-plugin-secrets-oauthapp/v3/pkg/provider/oidc.go:28.13,30.2 1 1
github.com/openbao/openbao-plugin-secrets-oauthapp/v3/pkg/provider/oidc.go:38.84,40.29 2 1
github.com/openbao/openbao-plugin-secrets-oauthapp/v3/pkg/provider/oidc.go:40.29,42.3 1 0
github.com/openbao/openbao-plugin-secrets-oauthapp/v3/pkg/provider/oidc.go:44.2,45.16 2 1
github.com/openbao/openbao-plugin-secrets-oauthapp/v3/pkg/provider/oidc.go:45.16,47.3 1 0
github.com/openbao/openbao-plugin-secrets-oauthapp/v3/pkg/provider/oidc.go:52.2,54.75 1 1
github.com/openbao/openbao-plugin-secrets-oauthapp/v3/pkg/provider/oidc.go:54.75,56.3 1 0
github.com/openbao/openbao-plugin-secrets-oauthapp/v3/pkg/provider/oidc.go:58.2,58.43 1 1
github.com/openbao/openbao-plugin-secrets-oauthapp/v3/pkg/provider/oidc.go:58.43,59.16 1 1
github.com/openbao/openbao-plugin-secrets-oauthapp/v3/pkg/provider/oidc.go:60.34,61.35 1 1
github.com/openbao/openbao-plugin-secrets-oauthapp/v3/pkg/provider/oidc.go:62.40,64.50 2 1
github.com/openbao/openbao-plugin-secrets-oauthapp/v3/pkg/provider/oidc.go:64.50,66.5 1 0
github.com/openbao/openbao-plugin-secrets-oauthapp/v3/pkg/provider/oidc.go:68.4,68.31 1 1
github.com/openbao/openbao-plugin-secrets-oauthapp/v3/pkg/provider/oidc.go:72.2,72.12 1 1
github.com/openbao/openbao-plugin-secrets-oauthapp/v3/pkg/provider/oidc.go:75.73,76.43 1 1
github.com/openbao/openbao-plugin-secrets-oauthapp/v3/pkg/provider/oidc.go:76.43,77.16 1 1
github.com/openbao/openbao-plugin-secrets-oauthapp/v3/pkg/provider/oidc.go:78.67,79.43 1 1
github.com/openbao/openbao-plugin-secrets-oauthapp/v3/pkg/provider/oidc.go:84.79,85.43 1 1
github.com/openbao/openbao-plugin-secrets-oauthapp/v3/pkg/provider/oidc.go:85.43,86.42 1 1
github.com/openbao/openbao-plugin-secrets-oauthapp/v3/pkg/provider/oidc.go:86.42,87.12 1 1
github.com/openbao/openbao-plugin-secrets-oauthapp/v3/pkg/provider/oidc.go:90.3,91.17 2 1
github.com/openbao/openbao-plugin-secrets-oauthapp/v3/pkg/provider/oidc.go:91.17,93.4 1 0
github.com/openbao/openbao-plugin-secrets-oauthapp/v3/pkg/provider/oidc.go:95.3,96.50 2 1
github.com/openbao/openbao-plugin-secrets-oauthapp/v3/pkg/provider/oidc.go:96.50,98.4 1 0
github.com/openbao/openbao-plugin-secrets-oauthapp/v3/pkg/provider/oidc.go:100.3,101.8 2 1
github.com/openbao/openbao-plugin-secrets-oauthapp/v3/pkg/provider/oidc.go:104.2,104.12 1 1
github.com/openbao/openbao-plugin-secrets-oauthapp/v3/pkg/provider/oidc.go:107.95,110.2 2 0
github.com/openbao/openbao-plugin-secrets-oauthapp/v3/pkg/provider/oidc.go:112.125,115.2 2 1
github.com/openbao/openbao-plugin-secrets-oauthapp/v3/pkg/provider/oidc.go:117.136,119.16 2 1
github.com/openbao/openbao-plugin-secrets-oauthapp/v3/pkg/provider/oidc.go:119.16,121.3 1 1
github.com/openbao/openbao-plugin-secrets-oauthapp/v3/pkg/provider/oidc.go:123.2,123.24 1 1
github.com/openbao/openbao-plugin-secrets-oauthapp/v3/pkg/provider/oidc.go:123.24,125.3 1 1
github.com/openbao/openbao-plugin-secrets-oauthapp/v3/pkg/provider/oidc.go:128.2,130.55 2 1
github.com/openbao/openbao-plugin-secrets-oauthapp/v3/pkg/provider/oidc.go:130.55,132.3 1 0
github.com/openbao/openbao-plugin-secrets-oauthapp/v3/pkg/provider/oidc.go:134.2,134.50 1 1
github.com/openbao/openbao-plugin-secrets-oauthapp/v3/pkg/provider/oidc.go:134.50,136.3 1 0
github.com/openbao/openbao-plugin-secrets-oauthapp/v3/pkg/provider/oidc.go:138.2,138.15 1 1
github.com/openbao/openbao-plugin-secrets-oauthapp/v3/pkg/provider/oidc.go:141.126,143.16 2 1
github.com/openbao/openbao-plugin-secrets-oauthapp/v3/pkg/provider/oidc.go:143.16,145.3 1 0
github.com/openbao/openbao-plugin-secrets-oauthapp/v3/pkg/provider/oidc.go:147.2,147.24 1 1
github.com/openbao/openbao-plugin-secrets-oauthapp/v3/pkg/provider/oidc.go:147.24,149.3 1 1
github.com/openbao/openbao-plugin-secrets-oauthapp/v3/pkg/provider/oidc.go:151.2,151.55 1 1
github.com/openbao/openbao-plugin-secrets-oauthapp/v3/pkg/provider/oidc.go:151.55,153.3 1 0
github.com/openbao/openbao-plugin-secrets-oauthapp/v3/pkg/provider/oidc.go:155.2,155.50 1 1
github.com/openbao/openbao-plugin-secrets-oauthapp/v3/pkg/provider/oidc.go:155.50,157.3 1 0
github.com/openbao/openbao-plugin-secrets-oauthapp/v3/pkg/provider/oidc.go:160.2,162.15 2 1
github.com/openbao/openbao-plugin-secrets-oauthapp/v3/pkg/provider/oidc.go:165.115,167.16 2 1
github.com/openbao/openbao-plugin-secrets-oauthapp/v3/pkg/provider/oidc.go:167.16,169.3 1 0
github.com/openbao/openbao-plugin-secrets-oauthapp/v3/pkg/provider/oidc.go:171.2,171.25 1 1
github.com/openbao/openbao-plugin-secrets-oauthapp/v3/pkg/provider/oidc.go:171.25,173.3 1 1
github.com/openbao/openbao-plugin-secrets-oauthapp/v3/pkg/provider/oidc.go:179.2,179.77 1 1
github.com/openbao/openbao-plugin-secrets-oauthapp/v3/pkg/provider/oidc.go:179.77,180.57 1 1
github.com/openbao/openbao-plugin-secrets-oauthapp/v3/pkg/provider/oidc.go:180.57,182.4 1 0
github.com/openbao/openbao-plugin-secrets-oauthapp/v3/pkg/provider/oidc.go:183.8,185.3 1 1
github.com/openbao/openbao-plugin-secrets-oauthapp/v3/pkg/provider/oidc.go:187.2,187.51 1 1
github.com/openbao/openbao-plugin-secrets-oauthapp/v3/pkg/provider/oidc.go:187.51,189.3 1 0
github.com/openbao/openbao-plugin-secrets-oauthapp/v3/pkg/provider/oidc.go:192.2,194.16 2 1
github.com/openbao/openbao-plugin-secrets-oauthapp/v3/pkg/provider/oidc.go:197.115,199.2 1 0
github.com/openbao/openbao-plugin-secrets-oauthapp/v3/pkg/provider/oidc.go:201.117,203.2 1 0
github.com/openbao/openbao-plugin-secrets-oauthapp/v3/pkg/provider/oidc.go:213.65,220.2 3 1
github.com/openbao/openbao-plugin-secrets-oauthapp/v3/pkg/provider/oidc.go:222.30,224.2 1 0
github.com/openbao/openbao-plugin-secrets-oauthapp/v3/pkg/provider/oidc.go:226.57,228.2 1 0
github.com/openbao/openbao-plugin-secrets-oauthapp/v3/pkg/provider/oidc.go:230.73,241.2 1 1
github.com/openbao/openbao-plugin-secrets-oauthapp/v3/pkg/provider/oidc.go:243.103,245.16 2 1
github.com/openbao/openbao-plugin-secrets-oauthapp/v3/pkg/provider/oidc.go:245.16,247.3 1 0
github.com/openbao/openbao-plugin-secrets-oauthapp/v3/pkg/provider/oidc.go:249.2,253.51 2 1
github.com/openbao/openbao-plugin-secrets-oauthapp/v3/pkg/provider/oidc.go:253.51,255.3 1 0
github.com/openbao/openbao-plugin-secrets-oauthapp/v3/pkg/provider/oidc.go:259.2,260.45 2 1
github.com/openbao/openbao-plugin-secrets-oauthapp/v3/pkg/provider/oidc.go:260.45,261.96 1 1
github.com/openbao/openbao-plugin-secrets-oauthapp/v3/pkg/provider/oidc.go:261.96,263.4 1 1
github.com/openbao/openbao-plugin-secrets-oauthapp/v3/pkg/provider/oidc.go:263.9,265.4 1 0
github.com/openbao/openbao-plugin-secrets-oauthapp/v3/pkg/provider/oidc.go:268.2,274.8 1 1
github.com/openbao/openbao-plugin-secrets-oauthapp/v3/pkg/provider/oidc.go:277.90,280.13 2 1
github.com/openbao/openbao-plugin-secrets-oauthapp/v3/pkg/provider/oidc.go:281.9,281.9 0 1
github.com/openbao/openbao-plugin-secrets-oauthapp/v3/pkg/provider/oidc.go:282.10,283.39 1 0
github.com/openbao/openbao-plugin-secrets-oauthapp/v3/pkg/provider/oidc.go:286.2,286.30 1 1
github.com/openbao/openbao-plugin-secrets-oauthapp/v3/pkg/provider/oidc.go:286.30,288.3 1 0
github.com/openbao/openbao-plugin-secrets-oauthapp/v3/pkg/provider/oidc.go:290.2,291.16 2 1
github.com/openbao/openbao-plugin-secrets-oauthapp/v3/pkg/provider/oidc.go:291.16,293.3 1 0
github.com/openbao/openbao-plugin-secrets-oauthapp/v3/pkg/provider/oidc.go:295.2,296.16 2 1
github.com/openbao/openbao-plugin-secrets-oauthapp/v3/pkg/provider/oidc.go:296.16,298.3 1 0
github.com/openbao/openbao-plugin-secrets-oauthapp/v3/pkg/provider/oidc.go:300.2,300.15 1 1
github.com/openbao/openbao-plugin-secrets-oauthapp/v3/pkg/provider/oidc.go:303.62,304.16 1 1
github.com/openbao/openbao-plugin-secrets-oauthapp/v3/pkg/provider/oidc.go:304.16,306.3 1 0
github.com/openbao/openbao-plugin-secrets-oauthapp/v3/pkg/provider/oidc.go:308.2,309.16 2 1
github.com/openbao/openbao-plugin-secrets-oauthapp/v3/pkg/provider/oidc.go:309.16,311.3 1 0
github.com/openbao/openbao-plugin-secrets-oauthapp/v3/pkg/provider/oidc.go:313.2,313.31 1 1
github.com/openbao/openbao-plugin-secrets-oauthapp/v3/pkg/provider/oidc.go:313.31,314.16 1 1
github.com/openbao/openbao-plugin-secrets-oauthapp/v3/pkg/provider/oidc.go:315.95,315.95 0 1
github.com/openbao/openbao-plugin-secrets-oauthapp/v3/pkg/provider/oidc.go:316.11,317.64 1 0
github.com/openbao/openbao-plugin-secrets-oauthapp/v3/pkg/provider/oidc.go:321.2,321.20 1 1
github.com/openbao/openbao-plugin-secrets-oauthapp/v3/pkg/provider/okta.go:36.13,38.2 1 1
github.com/openbao/openbao-plugin-secrets-oauthapp/v3/pkg/provider/okta.go:57.66,58.45 1 1
github.com/openbao/openbao-plugin-secrets-oauthapp/v3/pkg/provider/okta.go:58.45,60.3 1 1
github.com/openbao/openbao-plugin-secrets-oauthapp/v3/pkg/provider/okta.go:62.2,62.22 1 1
github.com/openbao/openbao-plugin-secrets-oauthapp/v3/pkg/provider/okta.go:62.22,64.3 1 1
github.com/openbao/openbao-plugin-secrets-oauthapp/v3/pkg/provider/okta.go:66.2,70.16 2 1
github.com/openbao/openbao-plugin-secrets-oauthapp/v3/pkg/provider/okta.go:70.16,72.3 1 0
github.com/openbao/openbao-plugin-secrets-oauthapp/v3/pkg/provider/okta.go:74.2,86.16 4 1
github.com/openbao/openbao-plugin-secrets-oauthapp/v3/pkg/provider/okta.go:86.16,88.3 1 0
github.com/openbao/openbao-plugin-secrets-oauthapp/v3/pkg/provider/okta.go:90.2,90.19 1 1
github.com/openbao/openbao-plugin-secrets-oauthapp/v3/pkg/provider/okta.go:93.114,99.21 4 1
github.com/openbao/openbao-plugin-secrets-oauthapp/v3/pkg/provider/okta.go:99.21,102.17 2 1
github.com/openbao/openbao-plugin-secrets-oauthapp/v3/pkg/provider/okta.go:102.17,104.4 1 0
github.com/openbao/openbao-plugin-secrets-oauthapp/v3/pkg/provider/okta.go:106.3,113.17 7 1
github.com/openbao/openbao-plugin-secrets-oauthapp/v3/pkg/provider/okta.go:113.17,115.4 1 0
github.com/openbao/openbao-plugin-secrets-oauthapp/v3/pkg/provider/okta.go:117.3,121.17 4 1
github.com/openbao/openbao-plugin-secrets-oauthapp/v3/pkg/provider/okta.go:121.17,123.4 1 0
github.com/openbao/openbao-plugin-secrets-oauthapp/v3/pkg/provider/okta.go:124.3,127.17 3 1
github.com/openbao/openbao-plugin-secrets-oauthapp/v3/pkg/provider/okta.go:127.17,129.4 1 0
github.com/openbao/openbao-plugin-secrets-oauthapp/v3/pkg/provider/okta.go:131.3,131.39 1 1
github.com/openbao/openbao-plugin-secrets-oauthapp/v3/pkg/provider/okta.go:131.39,136.57 2 1
github.com/openbao/openbao-plugin-secrets-oauthapp/v3/pkg/provider/okta.go:136.57,138.5 1 1
github.com/openbao/openbao-plugin-secrets-oauthapp/v3/pkg/provider/okta.go:139.4,139.94 1 1
github.com/openbao/openbao-plugin-secrets-oauthapp/v3/pkg/provider/okta.go:142.3,143.58 2 1
github.com/openbao/openbao-plugin-secrets-oauthapp/v3/pkg/provider/okta.go:143.58,145.4 1 1
github.com/openbao/openbao-plugin-secrets-oauthapp/v3/pkg/provider/okta.go:147.3,157.9 2 1
github.com/openbao/openbao-plugin-secrets-oauthapp/v3/pkg/provider/okta.go:161.2,161.26 1 1
github.com/openbao/openbao-plugin-secrets-oauthapp/v3/pkg/provider/okta.go:161.26,163.3 1 1
github.com/openbao/openbao-plugin-secrets-oauthapp/v3/pkg/provider/okta.go:165.2,175.16 3 1
github.com/openbao/openbao-plugin-secrets-oauthapp/v3/pkg/provider/okta.go:175.16,177.3 1 0
github.com/openbao/openbao-plugin-secrets-oauthapp/v3/pkg/provider/okta.go:179.2,183.8 1 1
github.com/openbao/openbao-plugin-secrets-oauthapp/v3/pkg/provider/okta.go:186.94,191.28 4 1
github.com/openbao/openbao-plugin-secrets-oauthapp/v3/pkg/provider/okta.go:191.28,193.3 1 0
github.com/openbao/openbao-plugin-secrets-oauthapp/v3/pkg/provider/okta.go:195.2,202.65 2 1
github.com/openbao/openbao-plugin-secrets-oauthapp/v3/pkg/provider/okta.go:205.124,207.2 1 1
github.com/openbao/openbao-plugin-secrets-oauthapp/v3/pkg/provider/okta.go:209.135,211.2 1 1
github.com/openbao/openbao-plugin-secrets-oauthapp/v3/pkg/provider/okta.go:213.125,215.2 1 1
github.com/openbao/openbao-plugin-secrets-oauthapp/v3/pkg/provider/okta.go:217.116,219.2 1 1
github.com/openbao/openbao-plugin-secrets-oauthapp/v3/pkg/provider/okta.go:221.114,237.16 7 1
github.com/openbao/openbao-plugin-secrets-oauthapp/v3/pkg/provider/okta.go:237.16,239.3 1 0
github.com/openbao/openbao-plugin-secrets-oauthapp/v3/pkg/provider/okta.go:241.2,245.8 1 1
github.com/openbao/openbao-plugin-secrets-oauthapp/v3/pkg/provider/okta.go:255.30,257.2 1 1
github.com/openbao/openbao-plugin-secrets-oauthapp/v3/pkg/provider/okta.go:259.57,261.2 1 1
github.com/openbao/openbao-plugin-secrets-oauthapp/v3/pkg/provider/okta.go:263.73,275.2 1 1
github.com/openbao/openbao-plugin-secrets-oauthapp/v3/pkg/provider/okta.go:277.90,280.13 2 1
github.com/openbao/openbao-plugin-secrets-oauthapp/v3/pkg/provider/okta.go:281.22,281.22 0 1
github.com/openbao/openbao-plugin-secrets-oauthapp/v3/pkg/provider/okta.go:282.10,283.39 1 0
github.com/openbao/openbao-plugin-secrets-oauthapp/v3/pkg/provider/okta.go:286.2,287.18 2 1
github.com/openbao/openbao-plugin-secrets-oauthapp/v3/pkg/provider/okta.go:287.18,289.3 1 1
github.com/openbao/openbao-plugin-secrets-oauthapp/v3/pkg/provider/okta.go:291.2,294.52 3 1
github.com/openbao/openbao-plugin-secrets-oauthapp/v3/pkg/provider/okta.go:294.52,296.19 2 1
github.com/openbao/openbao-plugin-secrets-oauthapp/v3/pkg/provider/okta.go:296.19,298.4 1 1
github.com/openbao/openbao-plugin-secrets-oauthapp/v3/pkg/provider/okta.go:301.3,302.17 2 1
github.com/openbao/openbao-plugin-secrets-oauthapp/v3/pkg/provider/okta.go:302.17,304.4 1 0
github.com/openbao/openbao-plugin-secrets-oauthapp/v3/pkg/provider/okta.go:306.3,308.10 3 1
github.com/openbao/openbao-plugin-secrets-oauthapp/v3/pkg/provider/okta.go:308.10,310.4 1 0
github.com/openbao/openbao-plugin-secrets-oauthapp/v3/pkg/provider/okta.go:312.3,312.23 1 1
github.com/openbao/openbao-plugin-secrets-oauthapp/v3/pkg/provider/okta.go:315.2,316.18 2 1
github.com/openbao/openbao-plugin-secrets-oauthapp/v3/pkg/provider/okta.go:316.18,318.3 1 1
github.com/openbao/openbao-plugin-secrets-oauthapp/v3/pkg/provider/okta.go:320.2,332.15 2 1
github.com/openbao/openbao-plugin-secrets-oauthapp/v3/pkg/provider/options.go:16.82,18.2 1 1
github.com/openbao/openbao-plugin-secrets-oauthapp/v3/pkg/provider/options.go:20.92,22.2 1 1
github.com/openbao/openbao-plugin-secrets-oauthapp/v3/pkg/provider/options.go:33.76,35.2 1 1
github.com/openbao/openbao-plugin-secrets-oauthapp/v3/pkg/provider/options.go:37.82,39.2 1 1
github.com/openbao/openbao-plugin-secrets-oauthapp/v3/pkg/provider/options.go:41.88,43.2 1 0
github.com/openbao/openbao-plugin-secrets-oauthapp/v3/pkg/provider/options.go:45.80,47.2 1 1
github.com/openbao/openbao-plugin-secrets-oauthapp/v3/pkg/provider/options.go:53.83,55.2 1 1
github.com/openbao/openbao-plugin-secrets-oauthapp/v3/pkg/provider/options.go:61.83,63.2 1 1
github.com/openbao/openbao-plugin-secrets-oauthapp/v3/pkg/provider/options.go:74.80,75.24 1 1
github.com/openbao/openbao-plugin-secrets-oauthapp/v3/pkg/provider/options.go:75.24,77.3 1 1
github.com/openbao/openbao-plugin-secrets-oauthapp/v3/pkg/provider/options.go:80.90,81.24 1 1
github.com/openbao/openbao-plugin-secrets-oauthapp/v3/pkg/provider/options.go:81.24,83.3 1 1
github.com/openbao/openbao-plugin-secrets-oauthapp/v3/pkg/provider/options.go:86.92,87.34 1 0
github.com/openbao/openbao-plugin-secrets-oauthapp/v3/pkg/provider/options.go:87.34,89.3 1 0
github.com/openbao/openbao-plugin-secrets-oauthapp/v3/pkg/provider/options.go:91.2,91.24 1 0
github.com/openbao/openbao-plugin-secrets-oauthapp/v3/pkg/provider/options.go:91.24,93.3 1 0
github.com/openbao/openbao-plugin-secrets-oauthapp/v3/pkg/provider/options.go:96.84,97.24 1 1
github.com/openbao/openbao-plugin-secrets-oauthapp/v3/pkg/provider/options.go:97.24,99.3 1 1
github.com/openbao/openbao-plugin-secrets-oauthapp/v3/pkg/provider/options.go:114.86,115.35 1 1
github.com/openbao/openbao-plugin-secrets-oauthapp/v3/pkg/provider/options.go:115.35,117.3 1 1
github.com/openbao/openbao-plugin-secrets-oauthapp/v3/pkg/provider/options.go:119.2,119.24 1 1
github.com/openbao/openbao-plugin-secrets-oauthapp/v3/pkg/provider/options.go:119.24,121.3 1 1
github.com/openbao/openbao-plugin-secrets-oauthapp/v3/pkg/provider/options.go:124.92,125.35 1 1
github.com/openbao/openbao-plugin-secrets-oauthapp/v3/pkg/provider/options.go:125.35,127.3 1 1
github.com/openbao/openbao-plugin-secrets-oauthapp/v3/pkg/provider/options.go:129.2,129.24 1 1
github.com/openbao/openbao-plugin-secrets-oauthapp/v3/pkg/provider/options.go:129.24,131.3 1 0
github.com/openbao/openbao-plugin-secrets-oauthapp/v3/pkg/provider/options.go:134.100,135.35 1 1
github.com/openbao/openbao-plugin-secrets-oauthapp/v3/pkg/provider/options.go:135.35,137.3 1 1
github.com/openbao/openbao-plugin-secrets-oauthapp/v3/pkg/provider/options.go:139.2,139.24 1 1
github.com/openbao/openbao-plugin-secrets-oauthapp/v3/pkg/provider/options.go:139.24,141.3 1 0
github.com/openbao/openbao-plugin-secrets-oauthapp/v3/pkg/provider/options.go:144.96,145.35 1 1
github.com/openbao/openbao-plugin-secrets-oauthapp/v3/pkg/provider/options.go:145.35,147.3 1 1
github.com/openbao/openbao-plugin-secrets-oauthapp/v3/pkg/provider/options.go:149.2,149.24 1 1
github.com/openbao/openbao-plugin-secrets-oauthapp/v3/pkg/provider/options.go:149.24,151.3 1 1
github.com/openbao/openbao-plugin-secrets-oauthapp/v3/pkg/provider/options.go:154.88,155.35 1 1
github.com/openbao/openbao-plugin-secrets-oauthapp/v3/pkg/provider/options.go:155.35,157.3 1 1
github.com/openbao/openbao-plugin-secrets-oauthapp/v3/pkg/provider/options.go:159.2,159.24 1 1
github.com/openbao/openbao-plugin-secrets-oauthapp/v3/pkg/provider/options.go:159.24,161.3 1 0
github.com/openbao/openbao-plugin-secrets-oauthapp/v3/pkg/provider/options.go:164.98,165.35 1 0
github.com/openbao/openbao-plugin-secrets-oauthapp/v3/pkg/provider/options.go:165.35,167.3 1 0
github.com/openbao/openbao-plugin-secrets-oauthapp/v3/pkg/provider/options.go:169.2,169.24 1 0
github.com/openbao/openbao-plugin-secrets-oauthapp/v3/pkg/provider/options.go:169.24,171.3 1 0
github.com/openbao/openbao-plugin-secrets-oauthapp/v3/pkg/provider/options.go:174.90,175.35 1 0
github.com/openbao/openbao-plugin-secrets-oauthapp/v3/pkg/provider/options.go:175.35,177.3 1 0
github.com/openbao/openbao-plugin-secrets-oauthapp/v3/pkg/provider/options.go:179.2,179.24 1 0
github.com/openbao/openbao-plugin-secrets-oauthapp/v3/pkg/provider/options.go:179.24,181.3 1 0
github.com/openbao/openbao-plugin-secrets-oauthapp/v3/pkg/provider/provider.go:24.67,25.47 1 1
github.com/openbao/openbao-plugin-secrets-oauthapp/v3/pkg/provider/provider.go:25.47,27.3 1 1
github.com/openbao/openbao-plugin-secrets-oauthapp/v3/pkg/provider/provider.go:63.69,64.27 1 1
github.com/openbao/openbao-plugin-secrets-oauthapp/v3/pkg/provider/provider.go:64.27,66.3 1 1
github.com/openbao/openbao-plugin-secrets-oauthapp/v3/pkg/provider/provider.go:79.75,80.27 1 1
github.com/openbao/openbao-plugin-secrets-oauthapp/v3/pkg/provider/provider.go:80.27,82.3 1 1
github.com/openbao/openbao-plugin-secrets-oauthapp/v3/pkg/provider/provider.go:94.83,95.27 1 1
github.com/openbao/openbao-plugin-secrets-oauthapp/v3/pkg/provider/provider.go:95.27,97.3 1 1
github.com/openbao/openbao-plugin-secrets-oauthapp/v3/pkg/provider/provider.go:141.79,142.27 1 1
github.com/openbao/openbao-plugin-secrets-oauthapp/v3/pkg/provider/provider.go:142.27,144.3 1 1
github.com/openbao/openbao-plugin-secrets-oauthapp/v3/pkg/provider/provider.go:156.71,157.27 1 1
github.com/openbao/openbao-plugin-secrets-oauthapp/v3/pkg/provider/provider.go:157.27,159.3 1 0
github.com/openbao/openbao-plugin-secrets-oauthapp/v3/pkg/provider/provider.go:173.81,174.27 1 1
github.com/openbao/openbao-plugin-secrets-oauthapp/v3/pkg/provider/provider.go:174.27,176.3 1 0
github.com/openbao/openbao-plugin-secrets-oauthapp/v3/pkg/provider/provider.go:192.73,193.27 1 1
github.com/openbao/openbao-plugin-secrets-oauthapp/v3/pkg/provider/provider.go:193.27,195.3 1 1
github.com/openbao/openbao-plugin-secrets-oauthapp/v3/pkg/provider/registry.go:19.69,23.42 3 1
github.com/openbao/openbao-plugin-secrets-oauthapp/v3/pkg/provider/registry.go:23.42,25.3 1 0
github.com/openbao/openbao-plugin-secrets-oauthapp/v3/pkg/provider/registry.go:27.2,29.12 2 1
github.com/openbao/openbao-plugin-secrets-oauthapp/v3/pkg/provider/registry.go:32.67,33.50 1 1
github.com/openbao/openbao-plugin-secrets-oauthapp/v3/pkg/provider/registry.go:33.50,34.13 1 0
github.com/openbao/openbao-plugin-secrets-oauthapp/v3/pkg/provider/registry.go:40.100,42.2 1 1
github.com/openbao/openbao-plugin-secrets-oauthapp/v3/pkg/provider/registry.go:46.111,51.12 4 1
github.com/openbao/openbao-plugin-secrets-oauthapp/v3/pkg/provider/registry.go:51.12,53.3 1 0
github.com/openbao/openbao-plugin-secrets-oauthapp/v3/pkg/provider/registry.go:55.2,56.16 2 1
github.com/openbao/openbao-plugin-secrets-oauthapp/v3/pkg/provider/registry.go:56.16,62.3 1 0
github.com/openbao/openbao-plugin-secrets-oauthapp/v3/pkg/provider/registry.go:64.2,64.15 1 1
github.com/openbao/openbao-plugin-secrets-oauthapp/v3/pkg/provider/registry.go:67.30,71.2 1 1
github.com/openbao/openbao-plugin-secrets-oauthapp/v3/pkg/provider/timeout.go:16.118,18.9 2 1
github.com/openbao/openbao-plugin-secrets-oauthapp/v3/pkg/provider/timeout.go:18.9,20.3 1 0
github.com/openbao/openbao-plugin-secrets-oauthapp/v3/pkg/provider/timeout.go:22.2,22.43 1 1
github.com/openbao/openbao-plugin-secrets-oauthapp/v3/pkg/provider/timeout.go:31.101,33.2 1 1
github.com/openbao/openbao-plugin-secrets-oauthapp/v3/pkg/provider/timeout.go:35.83,39.2 1 1
github.com/openbao/openbao-plugin-secrets-oauthapp/v3/pkg/provider/timeout.go:52.117,55.42 2 1
github.com/openbao/openbao-plugin-secrets-oauthapp/v3/pkg/provider/timeout.go:55.42,56.57 1 1
github.com/openbao/openbao-plugin-secrets-oauthapp/v3/pkg/provider/timeout.go:56.57,58.4 1 1
github.com/openbao/openbao-plugin-secrets-oauthapp/v3/pkg/provider/timeout.go:61.2,61.17 1 1
github.com/openbao/openbao-plugin-secrets-oauthapp/v3/pkg/provider/timeout.go:64.134,68.2 1 1
github.com/openbao/openbao-plugin-secrets-oauthapp/v3/pkg/provider/timeout.go:78.104,80.9 2 1
github.com/openbao/openbao-plugin-secrets-oauthapp/v3/pkg/provider/timeout.go:80.9,82.3 1 1
github.com/openbao/openbao-plugin-secrets-oauthapp/v3/pkg/provider/timeout.go:89.2,95.23 5 1
github.com/openbao/openbao-plugin-secrets-oauthapp/v3/pkg/provider/timeout.go:95.23,99.3 1 1
github.com/openbao/openbao-plugin-secrets-oauthapp/v3/pkg/provider/timeout.go:99.8,99.22 1 1
github.com/openbao/openbao-plugin-secrets-oauthapp/v3/pkg/provider/timeout.go:99.22,103.3 1 1
github.com/openbao/openbao-plugin-secrets-oauthapp/v3/pkg/provider/timeout.go:105.2,105.58 1 1
github.com/openbao/openbao-plugin-secrets-oauthapp/v3/pkg/provider/timeout.go:108.130,114.2 1 1
github.com/openbao/openbao-plugin-secrets-oauthapp/v3/pkg/provider/timeout.go:116.125,119.51 1 1
github.com/openbao/openbao-plugin-secrets-oauthapp/v3/pkg/provider/timeout.go:119.51,119.85 1 1
github.com/openbao/openbao-plugin-secrets-oauthapp/v3/pkg/provider/timeout.go:128.74,132.61 3 1
github.com/openbao/openbao-plugin-secrets-oauthapp/v3/pkg/provider/timeout.go:132.61,134.3 1 1
github.com/openbao/openbao-plugin-secrets-oauthapp/v3/pkg/provider/timeout.go:136.2,136.21 1 1
github.com/openbao/openbao-plugin-secrets-oauthapp/v3/pkg/provider/timeout.go:136.21,138.3 1 1
github.com/openbao/openbao-plugin-secrets-oauthapp/v3/pkg/provider/timeout.go:140.2,140.30 1 1
github.com/openbao/openbao-plugin-secrets-oauthapp/v3/pkg/provider/timeout.go:148.105,150.2 1 0
github.com/openbao/openbao-plugin-secrets-oauthapp/v3/pkg/provider/timeout.go:152.135,157.2 3 0
github.com/openbao/openbao-plugin-secrets-oauthapp/v3/pkg/provider/timeout.go:159.146,164.2 3 0
github.com/openbao/openbao-plugin-secrets-oauthapp/v3/pkg/provider/timeout.go:166.125,171.2 3 1
github.com/openbao/openbao-plugin-secrets-oauthapp/v3/pkg/provider/timeout.go:178.137,183.2 3 1
github.com/openbao/openbao-plugin-secrets-oauthapp/v3/pkg/provider/timeout.go:185.126,190.2 3 0
github.com/openbao/openbao-plugin-secrets-oauthapp/v3/pkg/provider/timeout.go:192.128,197.2 3 0
github.com/openbao/openbao-plugin-secrets-oauthapp/v3/pkg/provider/timeout.go:206.42,208.2 1 0
github.com/openbao/openbao-plugin-secrets-oauthapp/v3/pkg/provider/timeout.go:210.69,215.2 1 0
github.com/openbao/openbao-plugin-secrets-oauthapp/v3/pkg/provider/timeout.go:217.85,226.2 2 1
github.com/openbao/openbao-plugin-secrets-oauthapp/v3/pkg/provider/timeout.go:228.83,233.2 1 1
github.com/openbao/openbao-plugin-secrets-oauthapp/v3/pkg/provider/version.go:5.37,6.26 1 1
github.com/openbao/openbao-plugin-secrets-oauthapp/v3/pkg/provider/version.go:6.26,8.3 1 1
github.com/openbao/openbao-plugin-secrets-oauthapp/v3/pkg/provider/version.go:10.2,10.11 1 1
